// Jest Snapshot v1, https://goo.gl/fbAQLP

exports[`Add Button renders as expected 1`] = `
<div>
  <button
    class="MuiButtonBase-root MuiFab-root sc-bdfBwQ MuiFab-secondary"
    tabindex="0"
    title="add todo"
    type="button"
  >
    <span
      class="MuiFab-label"
    >
      <svg
        aria-hidden="true"
        class="MuiSvgIcon-root"
        focusable="false"
        viewBox="0 0 24 24"
      >
        <path
          d="M19 13h-6v6h-2v-6H5v-2h6V5h2v6h6v2z"
        />
      </svg>
    </span>
    <span
      class="MuiTouchRipple-root"
    />
  </button>
</div>
`;
