// Jest Snapshot v1, https://goo.gl/fbAQLP

exports[`Header renders as expected 1`] = `
<div>
  <h3
    class="MuiTypography-root MuiTypography-h3"
    style="flex: 1;"
  >
    Header text prop
  </h3>
</div>
`;
