// Jest Snapshot v1, https://goo.gl/fbAQLP

exports[`Drawer renders as expected 1`] = `
<div
  aria-hidden="true"
/>
`;
