// Jest Snapshot v1, https://goo.gl/fbAQLP

exports[`List renders in loading state initially 1`] = `
<div>
  <div
    class="MuiLinearProgress-root MuiLinearProgress-colorPrimary MuiLinearProgress-indeterminate"
    role="progressbar"
  >
    <div
      class="MuiLinearProgress-bar MuiLinearProgress-barColorPrimary MuiLinearProgress-bar1Indeterminate"
    />
    <div
      class="MuiLinearProgress-bar MuiLinearProgress-bar2Indeterminate MuiLinearProgress-barColorPrimary"
    />
  </div>
</div>
`;

exports[`List renders list of todos after loading 1`] = `
<div>
  <div
    class="MuiPaper-root sc-hKgILt svXJU MuiPaper-elevation1 MuiPaper-rounded"
  >
    <ul
      class="MuiList-root sc-eCssSg gSqQGt MuiList-padding"
      data-rbd-droppable-context-id="0"
      data-rbd-droppable-id="droppable"
    >
      <li
        aria-describedby="rbd-hidden-text-0-hidden-text-0"
        class="MuiListItem-root sc-dlfnbm dABzmH MuiListItem-gutters"
        data-rbd-drag-handle-context-id="0"
        data-rbd-drag-handle-draggable-id="1"
        data-rbd-draggable-context-id="0"
        data-rbd-draggable-id="1"
        draggable="false"
        role="button"
        tabindex="0"
        title="DoubleClick to view details"
      >
        <span>
          hope
        </span>
        <div
          class="MuiToolbar-root MuiToolbar-regular sc-gsTCUz TOrPC MuiToolbar-gutters"
        >
          <button
            class="MuiButtonBase-root MuiIconButton-root sc-bdfBwQ kBsyEI"
            tabindex="0"
            title="View details"
            type="button"
          >
            <span
              class="MuiIconButton-label"
            >
              <svg
                aria-hidden="true"
                class="MuiSvgIcon-root"
                focusable="false"
                viewBox="0 0 24 24"
              >
                <path
                  d="M12 4.5C7 4.5 2.73 7.61 1 12c1.73 4.39 6 7.5 11 7.5s9.27-3.11 11-7.5c-1.73-4.39-6-7.5-11-7.5zM12 17c-2.76 0-5-2.24-5-5s2.24-5 5-5 5 2.24 5 5-2.24 5-5 5zm0-8c-1.66 0-3 1.34-3 3s1.34 3 3 3 3-1.34 3-3-1.34-3-3-3z"
                />
              </svg>
            </span>
            <span
              class="MuiTouchRipple-root"
            />
          </button>
          <button
            class="MuiButtonBase-root MuiIconButton-root sc-bdfBwQ kBsyEI"
            tabindex="0"
            title="Edit"
            type="button"
          >
            <span
              class="MuiIconButton-label"
            >
              <svg
                aria-hidden="true"
                class="MuiSvgIcon-root"
                focusable="false"
                viewBox="0 0 24 24"
              >
                <path
                  d="M3 17.25V21h3.75L17.81 9.94l-3.75-3.75L3 17.25zM20.71 7.04c.39-.39.39-1.02 0-1.41l-2.34-2.34a.9959.9959 0 00-1.41 0l-1.83 1.83 3.75 3.75 1.83-1.83z"
                />
              </svg>
            </span>
            <span
              class="MuiTouchRipple-root"
            />
          </button>
          <button
            class="MuiButtonBase-root MuiIconButton-root sc-bdfBwQ kBsyEI"
            tabindex="0"
            title="Mark as Completed"
            type="button"
          >
            <span
              class="MuiIconButton-label"
            >
              <svg
                aria-hidden="true"
                class="MuiSvgIcon-root"
                focusable="false"
                viewBox="0 0 24 24"
              >
                <path
                  d="M19 5v14H5V5h14m0-2H5c-1.1 0-2 .9-2 2v14c0 1.1.9 2 2 2h14c1.1 0 2-.9 2-2V5c0-1.1-.9-2-2-2z"
                />
              </svg>
            </span>
            <span
              class="MuiTouchRipple-root"
            />
          </button>
          <button
            class="MuiButtonBase-root MuiIconButton-root sc-bdfBwQ kBsyEI"
            tabindex="0"
            title="Delete Todo"
            type="button"
          >
            <span
              class="MuiIconButton-label"
            >
              <svg
                aria-hidden="true"
                class="MuiSvgIcon-root"
                focusable="false"
                viewBox="0 0 24 24"
              >
                <path
                  d="M6 19c0 1.1.9 2 2 2h8c1.1 0 2-.9 2-2V7H6v12zM19 4h-3.5l-1-1h-5l-1 1H5v2h14V4z"
                />
              </svg>
            </span>
            <span
              class="MuiTouchRipple-root"
            />
          </button>
        </div>
      </li>
      <li
        aria-describedby="rbd-hidden-text-0-hidden-text-0"
        class="MuiListItem-root sc-dlfnbm dABzmH MuiListItem-gutters"
        data-rbd-drag-handle-context-id="0"
        data-rbd-drag-handle-draggable-id="2"
        data-rbd-draggable-context-id="0"
        data-rbd-draggable-id="2"
        draggable="false"
        role="button"
        tabindex="0"
        title="DoubleClick to view details"
      >
        <span>
          bliss
        </span>
        <div
          class="MuiToolbar-root MuiToolbar-regular sc-gsTCUz TOrPC MuiToolbar-gutters"
        >
          <button
            class="MuiButtonBase-root MuiIconButton-root sc-bdfBwQ kBsyEI"
            tabindex="0"
            title="View details"
            type="button"
          >
            <span
              class="MuiIconButton-label"
            >
              <svg
                aria-hidden="true"
                class="MuiSvgIcon-root"
                focusable="false"
                viewBox="0 0 24 24"
              >
                <path
                  d="M12 4.5C7 4.5 2.73 7.61 1 12c1.73 4.39 6 7.5 11 7.5s9.27-3.11 11-7.5c-1.73-4.39-6-7.5-11-7.5zM12 17c-2.76 0-5-2.24-5-5s2.24-5 5-5 5 2.24 5 5-2.24 5-5 5zm0-8c-1.66 0-3 1.34-3 3s1.34 3 3 3 3-1.34 3-3-1.34-3-3-3z"
                />
              </svg>
            </span>
            <span
              class="MuiTouchRipple-root"
            />
          </button>
          <button
            class="MuiButtonBase-root MuiIconButton-root sc-bdfBwQ kBsyEI"
            tabindex="0"
            title="Edit"
            type="button"
          >
            <span
              class="MuiIconButton-label"
            >
              <svg
                aria-hidden="true"
                class="MuiSvgIcon-root"
                focusable="false"
                viewBox="0 0 24 24"
              >
                <path
                  d="M3 17.25V21h3.75L17.81 9.94l-3.75-3.75L3 17.25zM20.71 7.04c.39-.39.39-1.02 0-1.41l-2.34-2.34a.9959.9959 0 00-1.41 0l-1.83 1.83 3.75 3.75 1.83-1.83z"
                />
              </svg>
            </span>
            <span
              class="MuiTouchRipple-root"
            />
          </button>
          <button
            class="MuiButtonBase-root MuiIconButton-root sc-bdfBwQ kBsyEI"
            tabindex="0"
            title="Mark as Completed"
            type="button"
          >
            <span
              class="MuiIconButton-label"
            >
              <svg
                aria-hidden="true"
                class="MuiSvgIcon-root"
                focusable="false"
                viewBox="0 0 24 24"
              >
                <path
                  d="M19 5v14H5V5h14m0-2H5c-1.1 0-2 .9-2 2v14c0 1.1.9 2 2 2h14c1.1 0 2-.9 2-2V5c0-1.1-.9-2-2-2z"
                />
              </svg>
            </span>
            <span
              class="MuiTouchRipple-root"
            />
          </button>
          <button
            class="MuiButtonBase-root MuiIconButton-root sc-bdfBwQ kBsyEI"
            tabindex="0"
            title="Delete Todo"
            type="button"
          >
            <span
              class="MuiIconButton-label"
            >
              <svg
                aria-hidden="true"
                class="MuiSvgIcon-root"
                focusable="false"
                viewBox="0 0 24 24"
              >
                <path
                  d="M6 19c0 1.1.9 2 2 2h8c1.1 0 2-.9 2-2V7H6v12zM19 4h-3.5l-1-1h-5l-1 1H5v2h14V4z"
                />
              </svg>
            </span>
            <span
              class="MuiTouchRipple-root"
            />
          </button>
        </div>
      </li>
    </ul>
  </div>
</div>
`;

exports[`List shows 'nothing to show' message when todos array is empty 1`] = `
<div>
  <div
    class="MuiPaper-root sc-hKgILt svXJU MuiPaper-elevation1 MuiPaper-rounded"
  >
    <ul
      class="MuiList-root sc-eCssSg gSqQGt MuiList-padding"
      data-rbd-droppable-context-id="2"
      data-rbd-droppable-id="droppable"
    >
      <h4
        class="MuiTypography-root MuiTypography-h4 MuiTypography-gutterBottom"
      >
        nothing to show
      </h4>
    </ul>
  </div>
</div>
`;

exports[`List shows error message 1`] = `
<div>
  <div
    class="MuiPaper-root MuiAlert-root MuiAlert-filledError MuiPaper-elevation0"
    role="alert"
  >
    <div
      class="MuiAlert-icon"
    >
      <svg
        aria-hidden="true"
        class="MuiSvgIcon-root MuiSvgIcon-fontSizeInherit"
        focusable="false"
        viewBox="0 0 24 24"
      >
        <path
          d="M11 15h2v2h-2zm0-8h2v6h-2zm.99-5C6.47 2 2 6.48 2 12s4.47 10 9.99 10C17.52 22 22 17.52 22 12S17.52 2 11.99 2zM12 20c-4.42 0-8-3.58-8-8s3.58-8 8-8 8 3.58 8 8-3.58 8-8 8z"
        />
      </svg>
    </div>
    <div
      class="MuiAlert-message"
    >
      Error
    </div>
  </div>
</div>
`;
